// Jest Snapshot v1, https://goo.gl/fbAQLP

exports[`disabled sourcemaps 1`] = `"{\\"version\\":3,\\"sources\\":[\\"webpack:///./test/fixtures/basic.js\\"],\\"names\\":[],\\"mappings\\":\\";;;;AAAA,8BAA8B,oJAAoJ,wCAAwC,KAAK,OAAO,gBAAgB,MAAM,kBAAkB,MAAM,OAAO,gBAAgB,MAAM,kBAAkB,MAAM,OAAO,gBAAgB,MAAM,mBAAmB,QAAQ,KAAK,2BAA2B,OAAO,gBAAgB,MAAM,iBAAiB,MAAM,OAAO,gBAAgB,MAAM,iBAAiB,QAAQ,MAAM,2BAA2B,OAAO,gBAAgB,MAAM,iBAAiB,MAAM,OAAO,gBAAgB,MAAM,iBAAiB,SAAS,aAAa,IAAI,kBAAkB,IAAI,YAAY,KAAK,4DAA4D,sCAAsC,EAAE,+CAA+C,uBAAuB,uBAAuB,oCAAoC,GAAG,sBAAsB,yBAAyB,MAAM,sBAAsB,sBAAsB,cAAc,MAAM,sBAAsB,sBAAsB,qB\\",\\"file\\":\\"main.js\\",\\"sourcesContent\\":[\\"var cov_1v2zerd2hz=function(){var path=\\\\\\"/fixtures/basic.js\\\\\\",hash=\\\\\\"f67bc5731c59e70932ca6e13967f6329cc8682d3\\\\\\",global=new Function('return this')(),gcv=\\\\\\"__coverage__\\\\\\",coverageData={path:\\\\\\"/fixtures/basic.js\\\\\\",statementMap:{\\\\\\"0\\\\\\":{start:{line:1,column:0},end:{line:11,column:2}},\\\\\\"1\\\\\\":{start:{line:4,column:4},end:{line:4,column:18}},\\\\\\"2\\\\\\":{start:{line:8,column:4},end:{line:8,column:23}}},fnMap:{\\\\\\"0\\\\\\":{name:\\\\\\"(anonymous_0)\\\\\\",decl:{start:{line:3,column:2},end:{line:3,column:3}},loc:{start:{line:3,column:8},end:{line:5,column:3}},line:3},\\\\\\"1\\\\\\":{name:\\\\\\"(anonymous_1)\\\\\\",decl:{start:{line:7,column:2},end:{line:7,column:3}},loc:{start:{line:7,column:8},end:{line:9,column:3}},line:7}},branchMap:{},s:{\\\\\\"0\\\\\\":0,\\\\\\"1\\\\\\":0,\\\\\\"2\\\\\\":0},f:{\\\\\\"0\\\\\\":0,\\\\\\"1\\\\\\":0},b:{},_coverageSchema:\\\\\\"332fd63041d2c1bcb487cc26dd0d5f7d97098a6c\\\\\\"},coverage=global[gcv]||(global[gcv]={});if(coverage[path]&&coverage[path].hash===hash){return coverage[path];}coverageData.hash=hash;return coverage[path]=coverageData;}();++cov_1v2zerd2hz.s[0];module.exports=class Foo{bar(){++cov_1v2zerd2hz.f[0];++cov_1v2zerd2hz.s[1];return!!this;}baz(){++cov_1v2zerd2hz.f[1];++cov_1v2zerd2hz.s[2];return!this.bar();}};\\\\n\\\\n\\\\n//////////////////\\\\n// WEBPACK FOOTER\\\\n// ./test/fixtures/basic.js\\\\n// module id = 0\\\\n// module chunks = 0\\"],\\"sourceRoot\\":\\"\\"}"`;

exports[`errors 1`] = `Array []`;

exports[`errors 2`] = `Array []`;

exports[`instrument code 1`] = `
"webpackJsonp([0],[
/* 0 */
/***/ (function(module, exports) {

var cov_1v2zerd2hz=function(){var path=\\"/fixtures/basic.js\\",hash=\\"f67bc5731c59e70932ca6e13967f6329cc8682d3\\",global=new Function('return this')(),gcv=\\"__coverage__\\",coverageData={path:\\"/fixtures/basic.js\\",statementMap:{\\"0\\":{start:{line:1,column:0},end:{line:11,column:2}},\\"1\\":{start:{line:4,column:4},end:{line:4,column:18}},\\"2\\":{start:{line:8,column:4},end:{line:8,column:23}}},fnMap:{\\"0\\":{name:\\"(anonymous_0)\\",decl:{start:{line:3,column:2},end:{line:3,column:3}},loc:{start:{line:3,column:8},end:{line:5,column:3}},line:3},\\"1\\":{name:\\"(anonymous_1)\\",decl:{start:{line:7,column:2},end:{line:7,column:3}},loc:{start:{line:7,column:8},end:{line:9,column:3}},line:7}},branchMap:{},s:{\\"0\\":0,\\"1\\":0,\\"2\\":0},f:{\\"0\\":0,\\"1\\":0},b:{},_coverageSchema:\\"332fd63041d2c1bcb487cc26dd0d5f7d97098a6c\\"},coverage=global[gcv]||(global[gcv]={});if(coverage[path]&&coverage[path].hash===hash){return coverage[path];}coverageData.hash=hash;return coverage[path]=coverageData;}();++cov_1v2zerd2hz.s[0];module.exports=class Foo{bar(){++cov_1v2zerd2hz.f[0];++cov_1v2zerd2hz.s[1];return!!this;}baz(){++cov_1v2zerd2hz.f[1];++cov_1v2zerd2hz.s[2];return!this.bar();}};

/***/ })
],[0]);"
`;

exports[`sourcemap files on by default 1`] = `"{\\"version\\":3,\\"sources\\":[\\"webpack:////fixtures/basic.js\\"],\\"names\\":[\\"module\\",\\"exports\\",\\"Foo\\",\\"bar\\",\\"baz\\"],\\"mappings\\":\\";;;;68BAAAA,OAAOC,OAAP,CAAiB,KAAMC,IAAI,CAEzBC,KAAM,6CACJ,MAAO,CAAC,CAAC,IAAT,CACD,CAEDC,KAAM,6CACJ,MAAO,CAAC,KAAKD,GAAL,EAAR,CACD,CARwB,CAA3B,C\\",\\"file\\":\\"main.js\\",\\"sourcesContent\\":[\\"module.exports = class Foo {\\\\n\\\\n  bar() {\\\\n    return !!this;\\\\n  }\\\\n\\\\n  baz() {\\\\n    return !this.bar();\\\\n  }\\\\n\\\\n};\\\\n\\\\n\\\\n\\\\n// WEBPACK FOOTER //\\\\n// /fixtures/basic.js\\"],\\"sourceRoot\\":\\"\\"}"`;

exports[`warnings 1`] = `Array []`;

exports[`warnings 2`] = `Array []`;
